<html>
<body>
<pre>
<h1>µVision Build Log</h1>
<h2>Tool Versions:</h2>
IDE-Version: •ÏVision V5.27.1.0
Copyright (C) 2019 ARM Ltd and ARM Germany GmbH. All rights reserved.
License Information: K K, K, LIC=GMZI6-D7VYF-NNCAF-64RXZ-D2AW9-0ALG2
 
Tool Versions:
Toolchain:       MDK-ARM Plus  Version: 5.36.0.0
Toolchain Path:  C:\Keil_v5\ARM\ARMCC\Bin
C Compiler:      Armcc.exe V5.06 update 7 (build 960)
Assembler:       Armasm.exe V5.06 update 7 (build 960)
Linker/Locator:  ArmLink.exe V5.06 update 7 (build 960)
Library Manager: ArmAr.exe V5.06 update 7 (build 960)
Hex Converter:   FromElf.exe V5.06 update 7 (build 960)
CPU DLL:         SARM.DLL V5.36.0.0
Dialog DLL:      DARMATS9.DLL V1.22.0.4
Target DLL:      UL2ARM.DLL V1.74.14.0
Dialog DLL:      TARMATS9.DLL V1.21.0.0
 
<h2>Project:</h2>
E:\NUC972_NAU8825_BTL_OUTPUT\I2S_NAU8822\Keil\i2s_nau8822.uvproj
Project File Date:  06/07/2023

<h2>Output:</h2>
*** Using Compiler 'V5.06 update 7 (build 960)', folder: 'C:\Keil_v5\ARM\ARMCC\Bin'
Build target 'i2s_nau8822'
compiling main.c...
linking...
Program Size: Code=14004 RO-data=48 RW-data=64680 ZI-data=281716  
After Build - User command #1: fromelf --bin ".\obj\i2s_nau8822.axf" --output ".\obj\i2s_nau8822.bin"
After Build - User command #2: fromelf --text -c ".\obj\i2s_nau8822.axf" --output ".\obj\i2s_nau8822.txt"
".\obj\i2s_nau8822.axf" - 0 Error(s), 0 Warning(s).
Build Time Elapsed:  00:00:01
</pre>
</body>
</html>
