Component: ARM Compiler 5.06 update 7 (build 960) Tool: armlink [4d3601]

==============================================================================

Image Symbol Table

    Local Symbols

    Symbol Name                              Value     Ov Type        Size  Object(Section)

    NUC_INIT                                 0x00000000   Section      252  startup_nuc970.o(NUC_INIT)
    ../clib/angel/boardlib.s                 0x00000000   Number         0  boardinit3.o ABSOLUTE
    ../clib/angel/boardlib.s                 0x00000000   Number         0  boardinit2.o ABSOLUTE
    ../clib/angel/boardlib.s                 0x00000000   Number         0  boardinit1.o ABSOLUTE
    ../clib/angel/boardlib.s                 0x00000000   Number         0  boardshut.o ABSOLUTE
    ../clib/angel/dclz77c.s                  0x00000000   Number         0  __dclz77c.o ABSOLUTE
    ../clib/angel/handlers.s                 0x00000000   Number         0  __scatter_zi.o ABSOLUTE
    ../clib/angel/handlers.s                 0x00000000   Number         0  __scatter_copy.o ABSOLUTE
    ../clib/angel/kernel.s                   0x00000000   Number         0  __rtentry2.o ABSOLUTE
    ../clib/angel/kernel.s                   0x00000000   Number         0  __rtentry4.o ABSOLUTE
    ../clib/angel/kernel.s                   0x00000000   Number         0  __rtentry.o ABSOLUTE
    ../clib/angel/kernel.s                   0x00000000   Number         0  rtexit.o ABSOLUTE
    ../clib/angel/kernel.s                   0x00000000   Number         0  rtexit2.o ABSOLUTE
    ../clib/angel/rt.s                       0x00000000   Number         0  aeabi_idiv0_sigfpe.o ABSOLUTE
    ../clib/angel/rt.s                       0x00000000   Number         0  aeabi_idiv0.o ABSOLUTE
    ../clib/angel/rt.s                       0x00000000   Number         0  rt_div0.o ABSOLUTE
    ../clib/angel/rt.s                       0x00000000   Number         0  rt_raise.o ABSOLUTE
    ../clib/angel/scatter.s                  0x00000000   Number         0  __scatter.o ABSOLUTE
    ../clib/angel/startup.s                  0x00000000   Number         0  __main.o ABSOLUTE
    ../clib/angel/sys.s                      0x00000000   Number         0  indicate_semi.o ABSOLUTE
    ../clib/angel/sys.s                      0x00000000   Number         0  use_no_semi.o ABSOLUTE
    ../clib/angel/sysapp.c                   0x00000000   Number         0  sys_command.o ABSOLUTE
    ../clib/armsys.c                         0x00000000   Number         0  argv_veneer.o ABSOLUTE
    ../clib/armsys.c                         0x00000000   Number         0  argv_veneer.o ABSOLUTE
    ../clib/armsys.c                         0x00000000   Number         0  _get_argv_nomalloc.o ABSOLUTE
    ../clib/armsys.c                         0x00000000   Number         0  no_argv.o ABSOLUTE
    ../clib/division.s                       0x00000000   Number         0  aeabi_sdiv_div0.o ABSOLUTE
    ../clib/division.s                       0x00000000   Number         0  aeabi_sdiv.o ABSOLUTE
    ../clib/divrt.s                          0x00000000   Number         0  divrt_9e.o ABSOLUTE
    ../clib/divrt.s                          0x00000000   Number         0  divrt_9e_div0.o ABSOLUTE
    ../clib/heapalloc.c                      0x00000000   Number         0  hrguard.o ABSOLUTE
    ../clib/libinit.s                        0x00000000   Number         0  libshutdown.o ABSOLUTE
    ../clib/libinit.s                        0x00000000   Number         0  libinit2.o ABSOLUTE
    ../clib/libinit.s                        0x00000000   Number         0  libshutdown2.o ABSOLUTE
    ../clib/libinit.s                        0x00000000   Number         0  libinit.o ABSOLUTE
    ../clib/memcpset.s                       0x00000000   Number         0  rt_memclr_w.o ABSOLUTE
    ../clib/memcpset.s                       0x00000000   Number         0  rt_memcpy_w.o ABSOLUTE
    ../clib/memcpset.s                       0x00000000   Number         0  rt_memcpy.o ABSOLUTE
    ../clib/signal.c                         0x00000000   Number         0  defsig_abrt_inner.o ABSOLUTE
    ../clib/signal.c                         0x00000000   Number         0  defsig_fpe_inner.o ABSOLUTE
    ../clib/signal.c                         0x00000000   Number         0  defsig_rtred_inner.o ABSOLUTE
    ../clib/signal.c                         0x00000000   Number         0  defsig_rtmem_formal.o ABSOLUTE
    ../clib/signal.c                         0x00000000   Number         0  defsig_rtmem_inner.o ABSOLUTE
    ../clib/signal.c                         0x00000000   Number         0  defsig_rtmem_outer.o ABSOLUTE
    ../clib/signal.c                         0x00000000   Number         0  defsig_stak_inner.o ABSOLUTE
    ../clib/signal.c                         0x00000000   Number         0  defsig_pvfn_inner.o ABSOLUTE
    ../clib/signal.c                         0x00000000   Number         0  defsig_cppl_inner.o ABSOLUTE
    ../clib/signal.c                         0x00000000   Number         0  defsig_general.o ABSOLUTE
    ../clib/signal.c                         0x00000000   Number         0  __raise.o ABSOLUTE
    ../clib/signal.c                         0x00000000   Number         0  defsig_segv_inner.o ABSOLUTE
    ../clib/signal.c                         0x00000000   Number         0  defsig_other.o ABSOLUTE
    ../clib/signal.c                         0x00000000   Number         0  defsig_fpe_formal.o ABSOLUTE
    ../clib/signal.c                         0x00000000   Number         0  defsig_fpe_outer.o ABSOLUTE
    ../clib/signal.c                         0x00000000   Number         0  defsig_exit.o ABSOLUTE
    ../clib/signal.s                         0x00000000   Number         0  defsig.o ABSOLUTE
    ../clib/stdlib.c                         0x00000000   Number         0  exit.o ABSOLUTE
    ../clib/string.c                         0x00000000   Number         0  strlen.o ABSOLUTE
    ../fplib/fpinit.s                        0x00000000   Number         0  fpinit.o ABSOLUTE
    ..\..\Driver\Source\i2c.c                0x00000000   Number         0  i2c.o ABSOLUTE
    ..\..\Driver\Source\i2s.c                0x00000000   Number         0  i2s.o ABSOLUTE
    ..\..\Driver\Source\standalone.c         0x00000000   Number         0  standalone.o ABSOLUTE
    ..\..\Driver\Source\startup_NUC970.s     0x00000000   Number         0  startup_nuc970.o ABSOLUTE
    ..\..\Driver\Source\sys.c                0x00000000   Number         0  sys.o ABSOLUTE
    ..\..\Driver\Source\sys_nuc970.s         0x00000000   Number         0  sys_nuc970.o ABSOLUTE
    ..\..\Driver\Source\sys_timer.c          0x00000000   Number         0  sys_timer.o ABSOLUTE
    ..\..\Driver\Source\sys_uart.c           0x00000000   Number         0  sys_uart.o ABSOLUTE
    ..\..\Driver\Source\system_nuc970.c      0x00000000   Number         0  system_nuc970.o ABSOLUTE
    ..\main.c                                0x00000000   Number         0  main.o ABSOLUTE
    dc.s                                     0x00000000   Number         0  dc.o ABSOLUTE
    Undefined_Handler                        0x00000040   ARM Code       0  startup_nuc970.o(NUC_INIT)
    SWI_Handler1                             0x00000044   ARM Code       0  startup_nuc970.o(NUC_INIT)
    Prefetch_Handler                         0x00000048   ARM Code       0  startup_nuc970.o(NUC_INIT)
    Abort_Handler                            0x0000004c   ARM Code       0  startup_nuc970.o(NUC_INIT)
    IRQ_Handler                              0x00000050   ARM Code       0  startup_nuc970.o(NUC_INIT)
    FIQ_Handler                              0x00000054   ARM Code       0  startup_nuc970.o(NUC_INIT)
    !!!main                                  0x000000fc   Section        8  __main.o(!!!main)
    !!!scatter                               0x00000104   Section       60  __scatter.o(!!!scatter)
    !!dclz77c                                0x00000140   Section       96  __dclz77c.o(!!dclz77c)
    _decompress_loop                         0x0000014b   Thumb Code     0  __dclz77c.o(!!dclz77c)
    _decompress_getlen                       0x00000159   Thumb Code     0  __dclz77c.o(!!dclz77c)
    _decompress_lits                         0x00000161   Thumb Code     0  __dclz77c.o(!!dclz77c)
    _decompress_lit                          0x00000165   Thumb Code     0  __dclz77c.o(!!dclz77c)
    _decompress_setupcopy                    0x00000171   Thumb Code     0  __dclz77c.o(!!dclz77c)
    _decompress_setupcopy_shortx             0x00000187   Thumb Code     0  __dclz77c.o(!!dclz77c)
    _decompress_copy                         0x0000018d   Thumb Code     0  __dclz77c.o(!!dclz77c)
    _decompress_end                          0x00000199   Thumb Code     0  __dclz77c.o(!!dclz77c)
    !!handler_copy                           0x000001a0   Section       40  __scatter_copy.o(!!handler_copy)
    !!handler_zi                             0x000001c8   Section       44  __scatter_zi.o(!!handler_zi)
    .ARM.Collect$$libinit$$00000000          0x000001f4   Section        2  libinit.o(.ARM.Collect$$libinit$$00000000)
    .ARM.Collect$$libinit$$00000002          0x000001f6   Section        0  libinit2.o(.ARM.Collect$$libinit$$00000002)
    .ARM.Collect$$libinit$$00000004          0x000001f6   Section        0  libinit2.o(.ARM.Collect$$libinit$$00000004)
    .ARM.Collect$$libinit$$0000000A          0x000001f6   Section        0  libinit2.o(.ARM.Collect$$libinit$$0000000A)
    .ARM.Collect$$libinit$$0000000C          0x000001f6   Section        0  libinit2.o(.ARM.Collect$$libinit$$0000000C)
    .ARM.Collect$$libinit$$0000000E          0x000001f6   Section        0  libinit2.o(.ARM.Collect$$libinit$$0000000E)
    .ARM.Collect$$libinit$$00000011          0x000001f6   Section        0  libinit2.o(.ARM.Collect$$libinit$$00000011)
    .ARM.Collect$$libinit$$00000013          0x000001f6   Section        0  libinit2.o(.ARM.Collect$$libinit$$00000013)
    .ARM.Collect$$libinit$$00000015          0x000001f6   Section        0  libinit2.o(.ARM.Collect$$libinit$$00000015)
    .ARM.Collect$$libinit$$00000017          0x000001f6   Section        0  libinit2.o(.ARM.Collect$$libinit$$00000017)
    .ARM.Collect$$libinit$$00000019          0x000001f6   Section        0  libinit2.o(.ARM.Collect$$libinit$$00000019)
    .ARM.Collect$$libinit$$0000001B          0x000001f6   Section        0  libinit2.o(.ARM.Collect$$libinit$$0000001B)
    .ARM.Collect$$libinit$$0000001D          0x000001f6   Section        0  libinit2.o(.ARM.Collect$$libinit$$0000001D)
    .ARM.Collect$$libinit$$0000001F          0x000001f6   Section        0  libinit2.o(.ARM.Collect$$libinit$$0000001F)
    .ARM.Collect$$libinit$$00000021          0x000001f6   Section        0  libinit2.o(.ARM.Collect$$libinit$$00000021)
    .ARM.Collect$$libinit$$00000023          0x000001f6   Section        0  libinit2.o(.ARM.Collect$$libinit$$00000023)
    .ARM.Collect$$libinit$$00000025          0x000001f6   Section        0  libinit2.o(.ARM.Collect$$libinit$$00000025)
    .ARM.Collect$$libinit$$0000002C          0x000001f6   Section        0  libinit2.o(.ARM.Collect$$libinit$$0000002C)
    .ARM.Collect$$libinit$$0000002E          0x000001f6   Section        0  libinit2.o(.ARM.Collect$$libinit$$0000002E)
    .ARM.Collect$$libinit$$00000030          0x000001f6   Section        0  libinit2.o(.ARM.Collect$$libinit$$00000030)
    .ARM.Collect$$libinit$$00000032          0x000001f6   Section        0  libinit2.o(.ARM.Collect$$libinit$$00000032)
    .ARM.Collect$$libinit$$00000033          0x000001f6   Section        2  libinit2.o(.ARM.Collect$$libinit$$00000033)
    .ARM.Collect$$libshutdown$$00000000      0x000001f8   Section        2  libshutdown.o(.ARM.Collect$$libshutdown$$00000000)
    .ARM.Collect$$libshutdown$$00000002      0x000001fa   Section        0  libshutdown2.o(.ARM.Collect$$libshutdown$$00000002)
    .ARM.Collect$$libshutdown$$00000004      0x000001fa   Section        0  libshutdown2.o(.ARM.Collect$$libshutdown$$00000004)
    .ARM.Collect$$libshutdown$$00000006      0x000001fa   Section        0  libshutdown2.o(.ARM.Collect$$libshutdown$$00000006)
    .ARM.Collect$$libshutdown$$00000009      0x000001fa   Section        0  libshutdown2.o(.ARM.Collect$$libshutdown$$00000009)
    .ARM.Collect$$libshutdown$$0000000C      0x000001fa   Section        0  libshutdown2.o(.ARM.Collect$$libshutdown$$0000000C)
    .ARM.Collect$$libshutdown$$0000000E      0x000001fa   Section        0  libshutdown2.o(.ARM.Collect$$libshutdown$$0000000E)
    .ARM.Collect$$libshutdown$$00000011      0x000001fa   Section        0  libshutdown2.o(.ARM.Collect$$libshutdown$$00000011)
    .ARM.Collect$$libshutdown$$00000012      0x000001fa   Section        2  libshutdown2.o(.ARM.Collect$$libshutdown$$00000012)
    .ARM.Collect$$rtentry$$00000000          0x000001fc   Section        0  __rtentry.o(.ARM.Collect$$rtentry$$00000000)
    .ARM.Collect$$rtentry$$00000002          0x000001fc   Section        0  __rtentry2.o(.ARM.Collect$$rtentry$$00000002)
    .ARM.Collect$$rtentry$$00000004          0x000001fc   Section        8  __rtentry4.o(.ARM.Collect$$rtentry$$00000004)
    .ARM.Collect$$rtentry$$00000009          0x00000204   Section        0  __rtentry2.o(.ARM.Collect$$rtentry$$00000009)
    .ARM.Collect$$rtentry$$0000000A          0x00000204   Section        4  __rtentry2.o(.ARM.Collect$$rtentry$$0000000A)
    .ARM.Collect$$rtentry$$0000000C          0x00000208   Section        0  __rtentry2.o(.ARM.Collect$$rtentry$$0000000C)
    .ARM.Collect$$rtentry$$0000000D          0x00000208   Section       40  __rtentry2.o(.ARM.Collect$$rtentry$$0000000D)
    .ARM.Collect$$rtexit$$00000000           0x00000230   Section        4  rtexit.o(.ARM.Collect$$rtexit$$00000000)
    .ARM.Collect$$rtexit$$00000002           0x00000234   Section        0  rtexit2.o(.ARM.Collect$$rtexit$$00000002)
    .ARM.Collect$$rtexit$$00000003           0x00000234   Section        4  rtexit2.o(.ARM.Collect$$rtexit$$00000003)
    .ARM.Collect$$rtexit$$00000004           0x00000238   Section        8  rtexit2.o(.ARM.Collect$$rtexit$$00000004)
    .text                                    0x00000240   Section        0  main.o(.text)
    .text                                    0x000005e4   Section        0  i2c.o(.text)
    _i2cSetSpeed                             0x000005e4   ARM Code      76  i2c.o(.text)
    _i2cCommand                              0x00000630   ARM Code      28  i2c.o(.text)
    _i2cCalcAddr                             0x0000064c   ARM Code     104  i2c.o(.text)
    _i2cReset                                0x000006b4   ARM Code      28  i2c.o(.text)
    i2c0ISR                                  0x000006d0   ARM Code     532  i2c.o(.text)
    i2c1ISR                                  0x000008e4   ARM Code     580  i2c.o(.text)
    .text                                    0x000010d4   Section        0  i2s.o(.text)
    i2sStartPlay                             0x000010d4   ARM Code      44  i2s.o(.text)
    i2sStopPlay                              0x00001100   ARM Code      36  i2s.o(.text)
    i2sStartRecord                           0x00001124   ARM Code      44  i2s.o(.text)
    i2sStopRecord                            0x00001150   ARM Code      36  i2s.o(.text)
    Delay                                    0x00001174   ARM Code      48  i2s.o(.text)
    i2sISR                                   0x000011a4   ARM Code     452  i2s.o(.text)
    .text                                    0x00001a34   Section        0  standalone.o(.text)
    .text                                    0x00001a74   Section        0  sys.o(.text)
    .text                                    0x000023b8   Section        0  sys_uart.o(.text)
    sysPutRepChar                            0x00002430   ARM Code      40  sys_uart.o(.text)
    sysPutStringReverse                      0x00002458   ARM Code      40  sys_uart.o(.text)
    sysPutNumber                             0x00002480   ARM Code     448  sys_uart.o(.text)
    FormatItem                               0x00002640   ARM Code     556  sys_uart.o(.text)
    .text                                    0x000029b4   Section        0  system_nuc970.o(.text)
    .text                                    0x00003304   Section        0  strlen.o(.text)
    .text                                    0x00003348   Section      212  rt_memcpy.o(.text)
    .text                                    0x0000341c   Section       84  rt_memclr_w.o(.text)
    .text                                    0x00003470   Section      380  aeabi_sdiv.o(.text)
    __arm_div8                               0x0000349c   ARM Code       0  aeabi_sdiv.o(.text)
    __arm_div5                               0x000034c0   ARM Code       0  aeabi_sdiv.o(.text)
    __arm_div2                               0x000034e4   ARM Code       0  aeabi_sdiv.o(.text)
    __arm_div_large                          0x00003520   ARM Code       0  aeabi_sdiv.o(.text)
    .text                                    0x000035ec   Section      100  rt_memcpy_w.o(.text)
    .text                                    0x00003650   Section        0  exit.o(.text)
    .text_udiv                               0x00003660   Section       36  aeabi_sdiv.o(.text_udiv)
    SYS_INIT                                 0x00003684   Section       48  sys_nuc970.o(SYS_INIT)
    .data                                    0x00003700   Section    64120  main.o(.data)
    .data                                    0x00013178   Section        4  i2c.o(.data)
    bNackValid                               0x00013178   Data           4  i2c.o(.data)
    .data                                    0x0001317c   Section        9  i2s.o(.data)
    g_fnPlayCallBack                         0x0001317c   Data           4  i2s.o(.data)
    g_fnRecCallBack                          0x00013180   Data           4  i2s.o(.data)
    i2sOpened                                0x00013184   Data           1  i2s.o(.data)
    .data                                    0x00013188   Section      500  sys.o(.data)
    .data                                    0x0001337c   Section       16  system_nuc970.o(.data)
    _IsInitMMUTable                          0x00013384   Data           1  system_nuc970.o(.data)
    _MMUMappingMode                          0x00013388   Data           4  system_nuc970.o(.data)
    .bss                                     0x0001338c   Section      976  i2c.o(.bss)
    i2c_device                               0x0001338c   Data         976  i2c.o(.bss)
    .bss                                     0x00014000   Section    278528  system_nuc970.o(.bss)
    _mmuCoarsePageTable                      0x00018000   Data       131072  system_nuc970.o(.bss)
    _mmuCoarsePageTable_NonCache             0x00038000   Data       131072  system_nuc970.o(.bss)

    Global Symbols

    Symbol Name                              Value     Ov Type        Size  Object(Section)

    BuildAttributes$$THM_ISAv2$ARM_ISAv5$E$P$J$S$PE$A:L22$X:L11$S22$IEEE1$IW$USESV6$~STKCKD$USESV7$~SHL$OSPACE$ROPI$EBA8$UX$STANDARDLIB$REQ8$EABIv2 0x00000000   Number         0  anon$$obj.o ABSOLUTE
    Vector_Table                             0x00000000   ARM Code       0  startup_nuc970.o(NUC_INIT)
    __ARM_use_no_argv                        0x00000000   Number         0  main.o ABSOLUTE
    __ARM_exceptions_init                     - Undefined Weak Reference
    __alloca_initialize                       - Undefined Weak Reference
    __arm_fini_                               - Undefined Weak Reference
    __arm_preinit_                            - Undefined Weak Reference
    __cpp_initialize__aeabi_                  - Undefined Weak Reference
    __cxa_finalize                            - Undefined Weak Reference
    __rt_locale                               - Undefined Weak Reference
    __sigvec_lookup                           - Undefined Weak Reference
    _atexit_init                              - Undefined Weak Reference
    _call_atexit_fns                          - Undefined Weak Reference
    _clock_init                               - Undefined Weak Reference
    _fp_trap_init                             - Undefined Weak Reference
    _fp_trap_shutdown                         - Undefined Weak Reference
    _get_lc_collate                           - Undefined Weak Reference
    _get_lc_ctype                             - Undefined Weak Reference
    _get_lc_monetary                          - Undefined Weak Reference
    _get_lc_numeric                           - Undefined Weak Reference
    _get_lc_time                              - Undefined Weak Reference
    _getenv_init                              - Undefined Weak Reference
    _handle_redirection                       - Undefined Weak Reference
    _init_alloc                               - Undefined Weak Reference
    _init_user_alloc                          - Undefined Weak Reference
    _initio                                   - Undefined Weak Reference
    _rand_init                                - Undefined Weak Reference
    _signal_finish                            - Undefined Weak Reference
    _signal_init                              - Undefined Weak Reference
    _terminate_alloc                          - Undefined Weak Reference
    _terminate_user_alloc                     - Undefined Weak Reference
    _terminateio                              - Undefined Weak Reference
    Reset_Go                                 0x00000058   ARM Code       0  startup_nuc970.o(NUC_INIT)
    __main                                   0x000000fc   ARM Code       8  __main.o(!!!main)
    __scatterload                            0x00000104   ARM Code       0  __scatter.o(!!!scatter)
    __scatterload_rt2                        0x00000104   ARM Code      52  __scatter.o(!!!scatter)
    __scatterload_null                       0x00000118   ARM Code       0  __scatter.o(!!!scatter)
    __decompress                             0x00000140   ARM Code      96  __dclz77c.o(!!dclz77c)
    __decompress2                            0x00000140   ARM Code       0  __dclz77c.o(!!dclz77c)
    __scatterload_copy                       0x000001a0   ARM Code      40  __scatter_copy.o(!!handler_copy)
    __scatterload_zeroinit                   0x000001c8   ARM Code      44  __scatter_zi.o(!!handler_zi)
    __rt_lib_init                            0x000001f5   Thumb Code     0  libinit.o(.ARM.Collect$$libinit$$00000000)
    __rt_lib_init_alloca_1                   0x000001f7   Thumb Code     0  libinit2.o(.ARM.Collect$$libinit$$0000002E)
    __rt_lib_init_argv_1                     0x000001f7   Thumb Code     0  libinit2.o(.ARM.Collect$$libinit$$0000002C)
    __rt_lib_init_atexit_1                   0x000001f7   Thumb Code     0  libinit2.o(.ARM.Collect$$libinit$$0000001B)
    __rt_lib_init_clock_1                    0x000001f7   Thumb Code     0  libinit2.o(.ARM.Collect$$libinit$$00000021)
    __rt_lib_init_cpp_1                      0x000001f7   Thumb Code     0  libinit2.o(.ARM.Collect$$libinit$$00000032)
    __rt_lib_init_exceptions_1               0x000001f7   Thumb Code     0  libinit2.o(.ARM.Collect$$libinit$$00000030)
    __rt_lib_init_fp_1                       0x000001f7   Thumb Code     0  libinit2.o(.ARM.Collect$$libinit$$00000002)
    __rt_lib_init_fp_trap_1                  0x000001f7   Thumb Code     0  libinit2.o(.ARM.Collect$$libinit$$0000001F)
    __rt_lib_init_getenv_1                   0x000001f7   Thumb Code     0  libinit2.o(.ARM.Collect$$libinit$$00000023)
    __rt_lib_init_heap_1                     0x000001f7   Thumb Code     0  libinit2.o(.ARM.Collect$$libinit$$0000000A)
    __rt_lib_init_lc_collate_1               0x000001f7   Thumb Code     0  libinit2.o(.ARM.Collect$$libinit$$00000011)
    __rt_lib_init_lc_ctype_1                 0x000001f7   Thumb Code     0  libinit2.o(.ARM.Collect$$libinit$$00000013)
    __rt_lib_init_lc_monetary_1              0x000001f7   Thumb Code     0  libinit2.o(.ARM.Collect$$libinit$$00000015)
    __rt_lib_init_lc_numeric_1               0x000001f7   Thumb Code     0  libinit2.o(.ARM.Collect$$libinit$$00000017)
    __rt_lib_init_lc_time_1                  0x000001f7   Thumb Code     0  libinit2.o(.ARM.Collect$$libinit$$00000019)
    __rt_lib_init_preinit_1                  0x000001f7   Thumb Code     0  libinit2.o(.ARM.Collect$$libinit$$00000004)
    __rt_lib_init_rand_1                     0x000001f7   Thumb Code     0  libinit2.o(.ARM.Collect$$libinit$$0000000E)
    __rt_lib_init_return                     0x000001f7   Thumb Code     0  libinit2.o(.ARM.Collect$$libinit$$00000033)
    __rt_lib_init_signal_1                   0x000001f7   Thumb Code     0  libinit2.o(.ARM.Collect$$libinit$$0000001D)
    __rt_lib_init_stdio_1                    0x000001f7   Thumb Code     0  libinit2.o(.ARM.Collect$$libinit$$00000025)
    __rt_lib_init_user_alloc_1               0x000001f7   Thumb Code     0  libinit2.o(.ARM.Collect$$libinit$$0000000C)
    __rt_lib_shutdown                        0x000001f9   Thumb Code     0  libshutdown.o(.ARM.Collect$$libshutdown$$00000000)
    __rt_lib_shutdown_cpp_1                  0x000001fb   Thumb Code     0  libshutdown2.o(.ARM.Collect$$libshutdown$$00000004)
    __rt_lib_shutdown_fini_1                 0x000001fb   Thumb Code     0  libshutdown2.o(.ARM.Collect$$libshutdown$$00000002)
    __rt_lib_shutdown_fp_trap_1              0x000001fb   Thumb Code     0  libshutdown2.o(.ARM.Collect$$libshutdown$$00000009)
    __rt_lib_shutdown_heap_1                 0x000001fb   Thumb Code     0  libshutdown2.o(.ARM.Collect$$libshutdown$$00000011)
    __rt_lib_shutdown_return                 0x000001fb   Thumb Code     0  libshutdown2.o(.ARM.Collect$$libshutdown$$00000012)
    __rt_lib_shutdown_signal_1               0x000001fb   Thumb Code     0  libshutdown2.o(.ARM.Collect$$libshutdown$$0000000C)
    __rt_lib_shutdown_stdio_1                0x000001fb   Thumb Code     0  libshutdown2.o(.ARM.Collect$$libshutdown$$00000006)
    __rt_lib_shutdown_user_alloc_1           0x000001fb   Thumb Code     0  libshutdown2.o(.ARM.Collect$$libshutdown$$0000000E)
    __rt_entry                               0x000001fc   ARM Code       0  __rtentry.o(.ARM.Collect$$rtentry$$00000000)
    __rt_entry_presh_1                       0x000001fc   ARM Code       0  __rtentry2.o(.ARM.Collect$$rtentry$$00000002)
    __rt_entry_sh                            0x000001fc   ARM Code       0  __rtentry4.o(.ARM.Collect$$rtentry$$00000004)
    __rt_entry_li                            0x00000204   ARM Code       0  __rtentry2.o(.ARM.Collect$$rtentry$$0000000A)
    __rt_entry_postsh_1                      0x00000204   ARM Code       0  __rtentry2.o(.ARM.Collect$$rtentry$$00000009)
    __rt_entry_main                          0x00000208   ARM Code       0  __rtentry2.o(.ARM.Collect$$rtentry$$0000000D)
    __rt_entry_postli_1                      0x00000208   ARM Code       0  __rtentry2.o(.ARM.Collect$$rtentry$$0000000C)
    __rt_exit                                0x00000230   ARM Code       0  rtexit.o(.ARM.Collect$$rtexit$$00000000)
    __rt_exit_ls                             0x00000234   ARM Code       0  rtexit2.o(.ARM.Collect$$rtexit$$00000003)
    __rt_exit_prels_1                        0x00000234   ARM Code       0  rtexit2.o(.ARM.Collect$$rtexit$$00000002)
    __rt_exit_exit                           0x00000238   ARM Code       0  rtexit2.o(.ARM.Collect$$rtexit$$00000004)
    Delay                                    0x00000240   ARM Code      44  main.o(.text)
    play_callback                            0x0000026c   ARM Code       4  main.o(.text)
    I2C_WriteNAU8822                         0x00000270   ARM Code     104  main.o(.text)
    NAU8822_Setup                            0x000002d8   ARM Code     248  main.o(.text)
    main                                     0x000003d0   ARM Code     532  main.o(.text)
    i2cOpen                                  0x00000b28   ARM Code     172  i2c.o(.text)
    i2cClose                                 0x00000bd4   ARM Code      92  i2c.o(.text)
    i2cRead                                  0x00000c30   ARM Code     424  i2c.o(.text)
    i2cWrite                                 0x00000dd8   ARM Code     424  i2c.o(.text)
    i2cIoctl                                 0x00000f80   ARM Code     196  i2c.o(.text)
    i2cExit                                  0x00001044   ARM Code       8  i2c.o(.text)
    i2cInit                                  0x0000104c   ARM Code     108  i2c.o(.text)
    i2sOpen                                  0x00001368   ARM Code     180  i2s.o(.text)
    i2sClose                                 0x0000141c   ARM Code      84  i2s.o(.text)
    i2sInit                                  0x00001470   ARM Code      72  i2s.o(.text)
    i2sIoctl                                 0x000014b8   ARM Code    1152  i2s.o(.text)
    i2sSetSampleRate                         0x00001938   ARM Code     124  i2s.o(.text)
    i2sSetMCLKFrequency                      0x000019b4   ARM Code      64  i2s.o(.text)
    i2sSetPCMBCLKFrequency                   0x000019f4   ARM Code      56  i2s.o(.text)
    _sys_exit                                0x00001a34   ARM Code       8  standalone.o(.text)
    _ttywrch                                 0x00001a3c   ARM Code       8  standalone.o(.text)
    __user_setup_stackheap                   0x00001a44   ARM Code      44  standalone.o(.text)
    sysIrqHandler                            0x00001a74   ARM Code     104  sys.o(.text)
    sysFiqHandler                            0x00001adc   ARM Code     104  sys.o(.text)
    SYS_Interrupt_Shell                      0x00001b44   ARM Code      24  sys.o(.text)
    sysInitializeAIC                         0x00001b5c   ARM Code      24  sys.o(.text)
    sysDisableInterrupt                      0x00001b74   ARM Code      84  sys.o(.text)
    sysEnableInterrupt                       0x00001bc8   ARM Code      84  sys.o(.text)
    sysInstallExceptionHandler               0x00001c1c   ARM Code     140  sys.o(.text)
    sysInstallFiqHandler                     0x00001ca8   ARM Code      20  sys.o(.text)
    sysInstallIrqHandler                     0x00001cbc   ARM Code      20  sys.o(.text)
    sysInstallISR                            0x00001cd0   ARM Code     204  sys.o(.text)
    sysSetGlobalInterrupt                    0x00001d9c   ARM Code      92  sys.o(.text)
    sysSetInterruptPriorityLevel             0x00001df8   ARM Code     112  sys.o(.text)
    sysSetInterruptType                      0x00001e68   ARM Code     112  sys.o(.text)
    sysSetLocalInterrupt                     0x00001ed8   ARM Code     140  sys.o(.text)
    sysGetInterruptEnableStatus              0x00001f64   ARM Code      12  sys.o(.text)
    sysGetInterruptEnableStatusH             0x00001f70   ARM Code      12  sys.o(.text)
    sysGetIBitState                          0x00001f7c   ARM Code      32  sys.o(.text)
    sysGetPLL                                0x00001f9c   ARM Code      68  sys.o(.text)
    sysGetClock                              0x00001fe0   ARM Code     976  sys.o(.text)
    _PutChar_f                               0x000023b8   ARM Code      80  sys_uart.o(.text)
    sysPutString                             0x00002408   ARM Code      40  sys_uart.o(.text)
    sysIsKbHit                               0x0000286c   ARM Code      36  sys_uart.o(.text)
    sysInitializeUART                        0x00002890   ARM Code      76  sys_uart.o(.text)
    sysprintf                                0x000028dc   ARM Code     112  sys_uart.o(.text)
    sysGetChar                               0x0000294c   ARM Code      64  sys_uart.o(.text)
    sysPutChar                               0x0000298c   ARM Code      36  sys_uart.o(.text)
    sysGetCacheState                         0x000029b4   ARM Code      12  system_nuc970.o(.text)
    sysGetPhyPageAddr                        0x000029c0   ARM Code     104  system_nuc970.o(.text)
    sysSetCachePages                         0x00002a28   ARM Code     280  system_nuc970.o(.text)
    sysInitPageTable                         0x00002b40   ARM Code     384  system_nuc970.o(.text)
    sysSetMMUMappingMethod                   0x00002cc0   ARM Code      20  system_nuc970.o(.text)
    sysGetSdramSizebyMB                      0x00002cd4   ARM Code     456  system_nuc970.o(.text)
    sysInitMMUTable                          0x00002e9c   ARM Code     688  system_nuc970.o(.text)
    sysFlushCache                            0x0000314c   ARM Code     112  system_nuc970.o(.text)
    sysInvalidCache                          0x000031bc   ARM Code      12  system_nuc970.o(.text)
    sysGetCacheMode                          0x000031c8   ARM Code      12  system_nuc970.o(.text)
    _sysLockCode                             0x000031d4   ARM Code     136  system_nuc970.o(.text)
    _sysUnLockCode                           0x0000325c   ARM Code      20  system_nuc970.o(.text)
    sysEnableCache                           0x00003270   ARM Code      44  system_nuc970.o(.text)
    sysDisableCache                          0x0000329c   ARM Code      64  system_nuc970.o(.text)
    strlen                                   0x00003305   Thumb Code    62  strlen.o(.text)
    __aeabi_memcpy                           0x00003348   ARM Code       0  rt_memcpy.o(.text)
    __rt_memcpy                              0x00003348   ARM Code     212  rt_memcpy.o(.text)
    _memcpy_lastbytes                        0x000033fc   ARM Code       0  rt_memcpy.o(.text)
    __aeabi_memclr4                          0x0000341c   ARM Code       0  rt_memclr_w.o(.text)
    __aeabi_memclr8                          0x0000341c   ARM Code       0  rt_memclr_w.o(.text)
    __rt_memclr_w                            0x0000341c   ARM Code      84  rt_memclr_w.o(.text)
    _memset_w                                0x00003420   ARM Code       0  rt_memclr_w.o(.text)
    __aeabi_idiv                             0x00003470   ARM Code       0  aeabi_sdiv.o(.text)
    __aeabi_idivmod                          0x00003470   ARM Code     380  aeabi_sdiv.o(.text)
    __aeabi_memcpy4                          0x000035ec   ARM Code       0  rt_memcpy_w.o(.text)
    __aeabi_memcpy8                          0x000035ec   ARM Code       0  rt_memcpy_w.o(.text)
    __rt_memcpy_w                            0x000035ec   ARM Code     100  rt_memcpy_w.o(.text)
    _memcpy_lastbytes_aligned                0x00003638   ARM Code       0  rt_memcpy_w.o(.text)
    exit                                     0x00003651   Thumb Code    16  exit.o(.text)
    __aeabi_uidiv                            0x00003660   ARM Code       0  aeabi_sdiv.o(.text_udiv)
    __aeabi_uidivmod                         0x00003660   ARM Code      36  aeabi_sdiv.o(.text_udiv)
    sysSetupCP15                             0x00003684   ARM Code       0  sys_nuc970.o(SYS_INIT)
    sys_flush_and_clean_dcache               0x000036a8   ARM Code       0  sys_nuc970.o(SYS_INIT)
    Region$$Table$$Base                      0x000036b4   Number         0  anon$$obj.o(Region$$Table)
    Region$$Table$$Limit                     0x000036e4   Number         0  anon$$obj.o(Region$$Table)
    u32PlayBuf                               0x00003700   Data       64120  main.o(.data)
    _sys_bIsAICInitial                       0x00013188   Data           1  sys.o(.data)
    sysIrqHandlerTable                       0x0001318c   Data         248  sys.o(.data)
    sysFiqHandlerTable                       0x00013284   Data         248  sys.o(.data)
    _sys_IsCacheOn                           0x0001337c   Data           1  system_nuc970.o(.data)
    _sys_CacheMode                           0x00013380   Data           4  system_nuc970.o(.data)
    _mmuSectionTable                         0x00014000   Data       16384  system_nuc970.o(.bss)
    Image$$RW_RAM1$$ZI$$Limit                0x00058000   Number         0  anon$$obj.o ABSOLUTE



==============================================================================

Memory Map of the image

  Image Entry point : 0x00000000

  Load Region LR_IROM1 (Base: 0x00000000, Size: 0x0001338c, Max: 0xffffffff, ABSOLUTE, COMPRESSED[0x0000e138])

    Execution Region ER_IROM1 (Exec base: 0x00000000, Load base: 0x00000000, Size: 0x000036e4, Max: 0xffffffff, ABSOLUTE)

    Exec Addr    Load Addr    Size         Type   Attr      Idx    E Section Name        Object

    0x00000000   0x00000000   0x000000fc   Code   RO          167  * NUC_INIT            startup_nuc970.o
    0x000000fc   0x000000fc   0x00000008   Code   RO          194  * !!!main             c_5.l(__main.o)
    0x00000104   0x00000104   0x0000003c   Code   RO          358    !!!scatter          c_5.l(__scatter.o)
    0x00000140   0x00000140   0x00000060   Code   RO          356    !!dclz77c           c_5.l(__dclz77c.o)
    0x000001a0   0x000001a0   0x00000028   Code   RO          360    !!handler_copy      c_5.l(__scatter_copy.o)
    0x000001c8   0x000001c8   0x0000002c   Code   RO          362    !!handler_zi        c_5.l(__scatter_zi.o)
    0x000001f4   0x000001f4   0x00000002   Code   RO          231    .ARM.Collect$$libinit$$00000000  c_5.l(libinit.o)
    0x000001f6   0x000001f6   0x00000000   Code   RO          241    .ARM.Collect$$libinit$$00000002  c_5.l(libinit2.o)
    0x000001f6   0x000001f6   0x00000000   Code   RO          243    .ARM.Collect$$libinit$$00000004  c_5.l(libinit2.o)
    0x000001f6   0x000001f6   0x00000000   Code   RO          246    .ARM.Collect$$libinit$$0000000A  c_5.l(libinit2.o)
    0x000001f6   0x000001f6   0x00000000   Code   RO          248    .ARM.Collect$$libinit$$0000000C  c_5.l(libinit2.o)
    0x000001f6   0x000001f6   0x00000000   Code   RO          250    .ARM.Collect$$libinit$$0000000E  c_5.l(libinit2.o)
    0x000001f6   0x000001f6   0x00000000   Code   RO          253    .ARM.Collect$$libinit$$00000011  c_5.l(libinit2.o)
    0x000001f6   0x000001f6   0x00000000   Code   RO          255    .ARM.Collect$$libinit$$00000013  c_5.l(libinit2.o)
    0x000001f6   0x000001f6   0x00000000   Code   RO          257    .ARM.Collect$$libinit$$00000015  c_5.l(libinit2.o)
    0x000001f6   0x000001f6   0x00000000   Code   RO          259    .ARM.Collect$$libinit$$00000017  c_5.l(libinit2.o)
    0x000001f6   0x000001f6   0x00000000   Code   RO          261    .ARM.Collect$$libinit$$00000019  c_5.l(libinit2.o)
    0x000001f6   0x000001f6   0x00000000   Code   RO          263    .ARM.Collect$$libinit$$0000001B  c_5.l(libinit2.o)
    0x000001f6   0x000001f6   0x00000000   Code   RO          265    .ARM.Collect$$libinit$$0000001D  c_5.l(libinit2.o)
    0x000001f6   0x000001f6   0x00000000   Code   RO          267    .ARM.Collect$$libinit$$0000001F  c_5.l(libinit2.o)
    0x000001f6   0x000001f6   0x00000000   Code   RO          269    .ARM.Collect$$libinit$$00000021  c_5.l(libinit2.o)
    0x000001f6   0x000001f6   0x00000000   Code   RO          271    .ARM.Collect$$libinit$$00000023  c_5.l(libinit2.o)
    0x000001f6   0x000001f6   0x00000000   Code   RO          273    .ARM.Collect$$libinit$$00000025  c_5.l(libinit2.o)
    0x000001f6   0x000001f6   0x00000000   Code   RO          277    .ARM.Collect$$libinit$$0000002C  c_5.l(libinit2.o)
    0x000001f6   0x000001f6   0x00000000   Code   RO          279    .ARM.Collect$$libinit$$0000002E  c_5.l(libinit2.o)
    0x000001f6   0x000001f6   0x00000000   Code   RO          281    .ARM.Collect$$libinit$$00000030  c_5.l(libinit2.o)
    0x000001f6   0x000001f6   0x00000000   Code   RO          283    .ARM.Collect$$libinit$$00000032  c_5.l(libinit2.o)
    0x000001f6   0x000001f6   0x00000002   Code   RO          284    .ARM.Collect$$libinit$$00000033  c_5.l(libinit2.o)
    0x000001f8   0x000001f8   0x00000002   Code   RO          308    .ARM.Collect$$libshutdown$$00000000  c_5.l(libshutdown.o)
    0x000001fa   0x000001fa   0x00000000   Code   RO          334    .ARM.Collect$$libshutdown$$00000002  c_5.l(libshutdown2.o)
    0x000001fa   0x000001fa   0x00000000   Code   RO          336    .ARM.Collect$$libshutdown$$00000004  c_5.l(libshutdown2.o)
    0x000001fa   0x000001fa   0x00000000   Code   RO          338    .ARM.Collect$$libshutdown$$00000006  c_5.l(libshutdown2.o)
    0x000001fa   0x000001fa   0x00000000   Code   RO          341    .ARM.Collect$$libshutdown$$00000009  c_5.l(libshutdown2.o)
    0x000001fa   0x000001fa   0x00000000   Code   RO          344    .ARM.Collect$$libshutdown$$0000000C  c_5.l(libshutdown2.o)
    0x000001fa   0x000001fa   0x00000000   Code   RO          346    .ARM.Collect$$libshutdown$$0000000E  c_5.l(libshutdown2.o)
    0x000001fa   0x000001fa   0x00000000   Code   RO          349    .ARM.Collect$$libshutdown$$00000011  c_5.l(libshutdown2.o)
    0x000001fa   0x000001fa   0x00000002   Code   RO          350    .ARM.Collect$$libshutdown$$00000012  c_5.l(libshutdown2.o)
    0x000001fc   0x000001fc   0x00000000   Code   RO          196    .ARM.Collect$$rtentry$$00000000  c_5.l(__rtentry.o)
    0x000001fc   0x000001fc   0x00000000   Code   RO          204    .ARM.Collect$$rtentry$$00000002  c_5.l(__rtentry2.o)
    0x000001fc   0x000001fc   0x00000008   Code   RO          216    .ARM.Collect$$rtentry$$00000004  c_5.l(__rtentry4.o)
    0x00000204   0x00000204   0x00000000   Code   RO          206    .ARM.Collect$$rtentry$$00000009  c_5.l(__rtentry2.o)
    0x00000204   0x00000204   0x00000004   Code   RO          207    .ARM.Collect$$rtentry$$0000000A  c_5.l(__rtentry2.o)
    0x00000208   0x00000208   0x00000000   Code   RO          209    .ARM.Collect$$rtentry$$0000000C  c_5.l(__rtentry2.o)
    0x00000208   0x00000208   0x00000028   Code   RO          210    .ARM.Collect$$rtentry$$0000000D  c_5.l(__rtentry2.o)
    0x00000230   0x00000230   0x00000004   Code   RO          232    .ARM.Collect$$rtexit$$00000000  c_5.l(rtexit.o)
    0x00000234   0x00000234   0x00000000   Code   RO          286    .ARM.Collect$$rtexit$$00000002  c_5.l(rtexit2.o)
    0x00000234   0x00000234   0x00000004   Code   RO          287    .ARM.Collect$$rtexit$$00000003  c_5.l(rtexit2.o)
    0x00000238   0x00000238   0x00000008   Code   RO          288    .ARM.Collect$$rtexit$$00000004  c_5.l(rtexit2.o)
    0x00000240   0x00000240   0x000003a4   Code   RO            1    .text               main.o
    0x000005e4   0x000005e4   0x00000af0   Code   RO           41    .text               i2c.o
    0x000010d4   0x000010d4   0x00000960   Code   RO           63    .text               i2s.o
    0x00001a34   0x00001a34   0x00000040   Code   RO           80    .text               standalone.o
    0x00001a74   0x00001a74   0x00000944   Code   RO           91    .text               sys.o
    0x000023b8   0x000023b8   0x000005fc   Code   RO          132    .text               sys_uart.o
    0x000029b4   0x000029b4   0x00000950   Code   RO          147    .text               system_nuc970.o
    0x00003304   0x00003304   0x00000044   Code   RO          172    .text               c_5.l(strlen.o)
    0x00003348   0x00003348   0x000000d4   Code   RO          174    .text               c_5.l(rt_memcpy.o)
    0x0000341c   0x0000341c   0x00000054   Code   RO          176    .text               c_5.l(rt_memclr_w.o)
    0x00003470   0x00003470   0x0000017c   Code   RO          178    .text               c_5.l(aeabi_sdiv.o)
    0x000035ec   0x000035ec   0x00000064   Code   RO          201    .text               c_5.l(rt_memcpy_w.o)
    0x00003650   0x00003650   0x00000010   Code   RO          220    .text               c_5.l(exit.o)
    0x00003660   0x00003660   0x00000024   Code   RO          179    .text_udiv          c_5.l(aeabi_sdiv.o)
    0x00003684   0x00003684   0x00000030   Code   RO          112    SYS_INIT            sys_nuc970.o
    0x000036b4   0x000036b4   0x00000030   Data   RO          354    Region$$Table       anon$$obj.o


    Execution Region RW_RAM1 (Exec base: 0x000036e4, Load base: 0x000036e4, Size: 0x0005491c, Max: 0xffffffff, ABSOLUTE, COMPRESSED[0x0000aa54])

    Exec Addr    Load Addr    Size         Type   Attr      Idx    E Section Name        Object

    0x000036e4   COMPRESSED   0x0000001c   PAD
    0x00003700   COMPRESSED   0x0000fa78   Data   RW            2    .data               main.o
    0x00013178   COMPRESSED   0x00000004   Data   RW           43    .data               i2c.o
    0x0001317c   COMPRESSED   0x00000009   Data   RW           64    .data               i2s.o
    0x00013185   COMPRESSED   0x00000003   PAD
    0x00013188   COMPRESSED   0x000001f4   Data   RW           92    .data               sys.o
    0x0001337c   COMPRESSED   0x00000010   Data   RW          149    .data               system_nuc970.o
    0x0001338c        -       0x000003d0   Zero   RW           42    .bss                i2c.o
    0x0001375c   COMPRESSED   0x000008a4   PAD
    0x00014000        -       0x00044000   Zero   RW          148    .bss                system_nuc970.o


==============================================================================

Image component sizes


      Code (inc. data)   RO Data    RW Data    ZI Data      Debug   Object Name

      2800         76          0          4        976      53553   i2c.o
      2400        172          0          9          0       4100   i2s.o
       932         96          0      64120          0       6643   main.o
        64          4          0          0          0       1460   standalone.o
       252         48          0          0          0        352   startup_nuc970.o
      2372         48          0        500          0      57255   sys.o
        48          0          0          0          0        304   sys_nuc970.o
      1532          4          0          0          0       3971   sys_uart.o
      2384         40          0         16     278528       5940   system_nuc970.o

    ----------------------------------------------------------------------
     12784        488         48      64680     281716     133578   Object Totals
         0          0         48          0          0          0   (incl. Generated)
         0          0          0         31       2212          0   (incl. Padding)

    ----------------------------------------------------------------------

      Code (inc. data)   RO Data    RW Data    ZI Data      Debug   Library Member Name

        96          2          0          0          0          0   __dclz77c.o
         8          0          0          0          0         68   __main.o
         0          0          0          0          0          0   __rtentry.o
        44          4          0          0          0          0   __rtentry2.o
         8          0          0          0          0          0   __rtentry4.o
        60          8          0          0          0          0   __scatter.o
        40          0          0          0          0          0   __scatter_copy.o
        44          0          0          0          0          0   __scatter_zi.o
       416          0          0          0          0        144   aeabi_sdiv.o
        16          0          0          0          0         68   exit.o
         2          0          0          0          0          0   libinit.o
         2          0          0          0          0          0   libinit2.o
         2          0          0          0          0          0   libshutdown.o
         2          0          0          0          0          0   libshutdown2.o
        84          0          0          0          0         80   rt_memclr_w.o
       212          0          0          0          0         68   rt_memcpy.o
       100          0          0          0          0         80   rt_memcpy_w.o
         4          0          0          0          0          0   rtexit.o
        12          0          0          0          0          0   rtexit2.o
        68          6          0          0          0         72   strlen.o

    ----------------------------------------------------------------------
      1220         20          0          0          0        580   Library Totals
         0          0          0          0          0          0   (incl. Padding)

    ----------------------------------------------------------------------

      Code (inc. data)   RO Data    RW Data    ZI Data      Debug   Library Name

      1220         20          0          0          0        580   c_5.l

    ----------------------------------------------------------------------
      1220         20          0          0          0        580   Library Totals

    ----------------------------------------------------------------------

==============================================================================


      Code (inc. data)   RO Data    RW Data    ZI Data      Debug   

     14004        508         48      64680     281716     133294   Grand Totals
     14004        508         48      43604     281716     133294   ELF Image Totals (compressed)
     14004        508         48      43604          0          0   ROM Totals

==============================================================================

    Total RO  Size (Code + RO Data)                14052 (  13.72kB)
    Total RW  Size (RW Data + ZI Data)            346396 ( 338.28kB)
    Total ROM Size (Code + RO Data + RW Data)      57656 (  56.30kB)

==============================================================================

